0.000014	fib::fib{0}	=>	0
0.000010	fib::fib{1}	=>	1
0.000031	fib::fib{2}	=>	1
0.000050	fib::fib{3}	=>	2
0.000091	fib::fib{4}	=>	3
0.000157	fib::fib{5}	=>	5
0.000256	fib::fib{6}	=>	8
0.000450	fib::fib{7}	=>	13
0.000702	fib::fib{8}	=>	21
0.001215	fib::fib{9}	=>	34
0.002065	fib::fib{10}	=>	55
0.003481	fib::fib{11}	=>	89
0.005554	fib::fib{12}	=>	144
0.008698	fib::fib{13}	=>	233
0.013956	fib::fib{14}	=>	377
0.023461	fib::fib{15}	=>	610
0.038135	fib::fib{16}	=>	987
0.063252	fib::fib{17}	=>	1597
0.103696	fib::fib{18}	=>	2584
0.171005	fib::fib{19}	=>	4181
0.280817	fib::fib{20}	=>	6765
0.451314	fib::fib{21}	=>	10946
0.745689	fib::fib{22}	=>	17711
1.205678	fib::fib{23}	=>	28657
1.969905	fib::fib{24}	=>	46368
3.255321	fib::fib{25}	=>	75025
0.000024	fib::fix{fib::fib_i{,},0}	=>	0
0.000016	fib::fix{fib::fib_i{,},1}	=>	1
0.000044	fib::fix{fib::fib_i{,},2}	=>	1
0.000057	fib::fix{fib::fib_i{,},3}	=>	2
0.000095	fib::fix{fib::fib_i{,},4}	=>	3
0.000154	fib::fix{fib::fib_i{,},5}	=>	5
0.000251	fib::fix{fib::fib_i{,},6}	=>	8
0.000402	fib::fix{fib::fib_i{,},7}	=>	13
0.000650	fib::fix{fib::fib_i{,},8}	=>	21
0.001071	fib::fix{fib::fib_i{,},9}	=>	34
0.001708	fib::fix{fib::fib_i{,},10}	=>	55
0.002596	fib::fix{fib::fib_i{,},11}	=>	89
0.004219	fib::fix{fib::fib_i{,},12}	=>	144
0.006604	fib::fix{fib::fib_i{,},13}	=>	233
0.010753	fib::fix{fib::fib_i{,},14}	=>	377
0.017854	fib::fix{fib::fib_i{,},15}	=>	610
0.029296	fib::fix{fib::fib_i{,},16}	=>	987
0.046528	fib::fix{fib::fib_i{,},17}	=>	1597
0.075279	fib::fix{fib::fib_i{,},18}	=>	2584
0.128729	fib::fix{fib::fib_i{,},19}	=>	4181
0.199011	fib::fix{fib::fib_i{,},20}	=>	6765
0.322328	fib::fix{fib::fib_i{,},21}	=>	10946
0.525689	fib::fix{fib::fib_i{,},22}	=>	17711
0.847352	fib::fix{fib::fib_i{,},23}	=>	28657
1.380584	fib::fix{fib::fib_i{,},24}	=>	46368
2.322297	fib::fix{fib::fib_i{,},25}	=>	75025
