[a@localhost test_61_remote]$ time ./run.sh timing1.px 
.

real    0m0.418s
user    0m0.379s
sys     0m0.017s
[a@localhost test_61_remote]$ time ./run.sh timing2.px 
.

real    0m0.343s
user    0m0.322s
sys     0m0.003s
