0.000007	fib::fib{0}	=>	0
0.000003	fib::fib{1}	=>	1
0.000007	fib::fib{2}	=>	1
0.000010	fib::fib{3}	=>	2
0.000017	fib::fib{4}	=>	3
0.000030	fib::fib{5}	=>	5
0.000051	fib::fib{6}	=>	8
0.000093	fib::fib{7}	=>	13
0.000172	fib::fib{8}	=>	21
0.000289	fib::fib{9}	=>	34
0.000477	fib::fib{10}	=>	55
0.000817	fib::fib{11}	=>	89
0.001360	fib::fib{12}	=>	144
0.002289	fib::fib{13}	=>	233
0.003505	fib::fib{14}	=>	377
0.006299	fib::fib{15}	=>	610
0.010311	fib::fib{16}	=>	987
0.016786	fib::fib{17}	=>	1597
0.028510	fib::fib{18}	=>	2584
0.048035	fib::fib{19}	=>	4181
0.079444	fib::fib{20}	=>	6765
0.133138	fib::fib{21}	=>	10946
0.219802	fib::fib{22}	=>	17711
0.371895	fib::fib{23}	=>	28657
0.612875	fib::fib{24}	=>	46368
1.037771	fib::fib{25}	=>	75025
1.691241	fib::fib{26}	=>	121393
2.871097	fib::fib{27}	=>	196418
4.704906	fib::fib{28}	=>	317811
7.832110	fib::fib{29}	=>	514229
12.907011	fib::fib{30}	=>	832040
0.000016	fib::fix{fib::fib_i{,},0}	=>	0
0.000005	fib::fix{fib::fib_i{,},1}	=>	1
0.000011	fib::fix{fib::fib_i{,},2}	=>	1
0.000022	fib::fix{fib::fib_i{,},3}	=>	2
0.000028	fib::fix{fib::fib_i{,},4}	=>	3
0.000049	fib::fix{fib::fib_i{,},5}	=>	5
0.000074	fib::fix{fib::fib_i{,},6}	=>	8
0.000129	fib::fix{fib::fib_i{,},7}	=>	13
0.000192	fib::fix{fib::fib_i{,},8}	=>	21
0.000323	fib::fix{fib::fib_i{,},9}	=>	34
0.000529	fib::fix{fib::fib_i{,},10}	=>	55
0.000825	fib::fix{fib::fib_i{,},11}	=>	89
0.001404	fib::fix{fib::fib_i{,},12}	=>	144
0.002319	fib::fix{fib::fib_i{,},13}	=>	233
0.003574	fib::fix{fib::fib_i{,},14}	=>	377
0.005731	fib::fix{fib::fib_i{,},15}	=>	610
0.009520	fib::fix{fib::fib_i{,},16}	=>	987
0.015159	fib::fix{fib::fib_i{,},17}	=>	1597
0.024658	fib::fix{fib::fib_i{,},18}	=>	2584
0.040902	fib::fix{fib::fib_i{,},19}	=>	4181
0.064715	fib::fix{fib::fib_i{,},20}	=>	6765
0.106074	fib::fix{fib::fib_i{,},21}	=>	10946
0.169526	fib::fix{fib::fib_i{,},22}	=>	17711
0.276134	fib::fix{fib::fib_i{,},23}	=>	28657
0.444267	fib::fix{fib::fib_i{,},24}	=>	46368
0.718838	fib::fix{fib::fib_i{,},25}	=>	75025
1.158498	fib::fix{fib::fib_i{,},26}	=>	121393
1.883044	fib::fix{fib::fib_i{,},27}	=>	196418
3.038780	fib::fix{fib::fib_i{,},28}	=>	317811
4.981651	fib::fix{fib::fib_i{,},29}	=>	514229
8.030476	fib::fix{fib::fib_i{,},30}	=>	832040
