0.000005	fib::fib{0}	=>	0
0.000001	fib::fib{1}	=>	1
0.000004	fib::fib{2}	=>	1
0.000006	fib::fib{3}	=>	2
0.000011	fib::fib{4}	=>	3
0.000017	fib::fib{5}	=>	5
0.000028	fib::fib{6}	=>	8
0.000047	fib::fib{7}	=>	13
0.000074	fib::fib{8}	=>	21
0.000120	fib::fib{9}	=>	34
0.000197	fib::fib{10}	=>	55
0.000322	fib::fib{11}	=>	89
0.000546	fib::fib{12}	=>	144
0.000855	fib::fib{13}	=>	233
0.001375	fib::fib{14}	=>	377
0.002244	fib::fib{15}	=>	610
0.003514	fib::fib{16}	=>	987
0.005719	fib::fib{17}	=>	1597
0.009315	fib::fib{18}	=>	2584
0.015024	fib::fib{19}	=>	4181
0.024452	fib::fib{20}	=>	6765
0.039155	fib::fib{21}	=>	10946
0.064075	fib::fib{22}	=>	17711
0.102995	fib::fib{23}	=>	28657
0.166153	fib::fib{24}	=>	46368
0.269640	fib::fib{25}	=>	75025
0.437686	fib::fib{26}	=>	121393
0.713397	fib::fib{27}	=>	196418
1.168846	fib::fib{28}	=>	317811
1.917774	fib::fib{29}	=>	514229
3.056648	fib::fib{30}	=>	832040
0.000013	fib::fix{fib::fib_i{,},0}	=>	0
0.000004	fib::fix{fib::fib_i{,},1}	=>	1
0.000008	fib::fix{fib::fib_i{,},2}	=>	1
0.000011	fib::fix{fib::fib_i{,},3}	=>	2
0.000019	fib::fix{fib::fib_i{,},4}	=>	3
0.000034	fib::fix{fib::fib_i{,},5}	=>	5
0.000049	fib::fix{fib::fib_i{,},6}	=>	8
0.000124	fib::fix{fib::fib_i{,},7}	=>	13
0.000128	fib::fix{fib::fib_i{,},8}	=>	21
0.000236	fib::fix{fib::fib_i{,},9}	=>	34
0.000382	fib::fix{fib::fib_i{,},10}	=>	55
0.000570	fib::fix{fib::fib_i{,},11}	=>	89
0.000948	fib::fix{fib::fib_i{,},12}	=>	144
0.001603	fib::fix{fib::fib_i{,},13}	=>	233
0.002564	fib::fix{fib::fib_i{,},14}	=>	377
0.004066	fib::fix{fib::fib_i{,},15}	=>	610
0.006510	fib::fix{fib::fib_i{,},16}	=>	987
0.010842	fib::fix{fib::fib_i{,},17}	=>	1597
0.017263	fib::fix{fib::fib_i{,},18}	=>	2584
0.027705	fib::fix{fib::fib_i{,},19}	=>	4181
0.044757	fib::fix{fib::fib_i{,},20}	=>	6765
0.072513	fib::fix{fib::fib_i{,},21}	=>	10946
0.117554	fib::fix{fib::fib_i{,},22}	=>	17711
0.190454	fib::fix{fib::fib_i{,},23}	=>	28657
0.309116	fib::fix{fib::fib_i{,},24}	=>	46368
0.536948	fib::fix{fib::fib_i{,},25}	=>	75025
0.808234	fib::fix{fib::fib_i{,},26}	=>	121393
1.308206	fib::fix{fib::fib_i{,},27}	=>	196418
2.116998	fib::fix{fib::fib_i{,},28}	=>	317811
3.431433	fib::fix{fib::fib_i{,},29}	=>	514229
5.585295	fib::fix{fib::fib_i{,},30}	=>	832040
